--- graph_retry run 0
Traceback (most recent call last):
  File "C:\Users\somay\AppData\Local\Programs\Python\Python310\lib\site-packages\stripe\_stripe_object.py", line 194, in __getattr__
    return self[key]
  File "C:\Users\somay\AppData\Local\Programs\Python\Python310\lib\site-packages\stripe\_stripe_object.py", line 253, in __getitem__
    raise err
  File "C:\Users\somay\AppData\Local\Programs\Python\Python310\lib\site-packages\stripe\_stripe_object.py", line 232, in __getitem__
    return self._data[k]
KeyError: 'get'

The above exception was the direct cause of the following exception:

Traceback (most recent call last):
  File "E:\Projects\kiri-lab\kiri-gate\experiments\chaos\stripe_repro.py", line 214, in main
    r = episode(stripe_api, cond, None if a.scripted else a.model, a.base)
  File "E:\Projects\kiri-lab\kiri-gate\experiments\chaos\stripe_repro.py", line 182, in episode
    n = stripe_api.count(run, since)
  File "E:\Projects\kiri-lab\kiri-gate\experiments\chaos\stripe_repro.py", line 103, in count
    if (pi.metadata or {}).get("kiri_run") == run and pi.status == "succeeded":
  File "C:\Users\somay\AppData\Local\Programs\Python\Python310\lib\site-packages\stripe\_stripe_object.py", line 199, in __getattr__
    raise AttributeError(
AttributeError: 'get' is a dict method, but a StripeObject is not a dict. Use .to_dict() to convert it. Docs: https://github.com/stripe/stripe-python#working-with-api-resources

--- graph_retry run 0
Traceback (most recent call last):
  File "C:\Users\somay\AppData\Local\Programs\Python\Python310\lib\site-packages\stripe\_stripe_object.py", line 194, in __getattr__
    return self[key]
  File "C:\Users\somay\AppData\Local\Programs\Python\Python310\lib\site-packages\stripe\_stripe_object.py", line 253, in __getitem__
    raise err
  File "C:\Users\somay\AppData\Local\Programs\Python\Python310\lib\site-packages\stripe\_stripe_object.py", line 232, in __getitem__
    return self._data[k]
KeyError: 'get'

The above exception was the direct cause of the following exception:

Traceback (most recent call last):
  File "E:\Projects\kiri-lab\kiri-gate\experiments\chaos\stripe_repro.py", line 214, in main
    r = episode(stripe_api, cond, None if a.scripted else a.model, a.base)
  File "E:\Projects\kiri-lab\kiri-gate\experiments\chaos\stripe_repro.py", line 182, in episode
    n = stripe_api.count(run, since)
  File "E:\Projects\kiri-lab\kiri-gate\experiments\chaos\stripe_repro.py", line 103, in count
    if (pi.metadata or {}).get("kiri_run") == run and pi.status == "succeeded":
  File "C:\Users\somay\AppData\Local\Programs\Python\Python310\lib\site-packages\stripe\_stripe_object.py", line 199, in __getattr__
    raise AttributeError(
AttributeError: 'get' is a dict method, but a StripeObject is not a dict. Use .to_dict() to convert it. Docs: https://github.com/stripe/stripe-python#working-with-api-resources

--- graph_retry run 1
Traceback (most recent call last):
  File "C:\Users\somay\AppData\Local\Programs\Python\Python310\lib\site-packages\stripe\_stripe_object.py", line 194, in __getattr__
    return self[key]
  File "C:\Users\somay\AppData\Local\Programs\Python\Python310\lib\site-packages\stripe\_stripe_object.py", line 253, in __getitem__
    raise err
  File "C:\Users\somay\AppData\Local\Programs\Python\Python310\lib\site-packages\stripe\_stripe_object.py", line 232, in __getitem__
    return self._data[k]
KeyError: 'get'

The above exception was the direct cause of the following exception:

Traceback (most recent call last):
  File "E:\Projects\kiri-lab\kiri-gate\experiments\chaos\stripe_repro.py", line 214, in main
    r = episode(stripe_api, cond, None if a.scripted else a.model, a.base)
  File "E:\Projects\kiri-lab\kiri-gate\experiments\chaos\stripe_repro.py", line 182, in episode
    n = stripe_api.count(run, since)
  File "E:\Projects\kiri-lab\kiri-gate\experiments\chaos\stripe_repro.py", line 103, in count
    if (pi.metadata or {}).get("kiri_run") == run and pi.status == "succeeded":
  File "C:\Users\somay\AppData\Local\Programs\Python\Python310\lib\site-packages\stripe\_stripe_object.py", line 199, in __getattr__
    raise AttributeError(
AttributeError: 'get' is a dict method, but a StripeObject is not a dict. Use .to_dict() to convert it. Docs: https://github.com/stripe/stripe-python#working-with-api-resources

--- graph_retry run 2
Traceback (most recent call last):
  File "C:\Users\somay\AppData\Local\Programs\Python\Python310\lib\site-packages\stripe\_stripe_object.py", line 194, in __getattr__
    return self[key]
  File "C:\Users\somay\AppData\Local\Programs\Python\Python310\lib\site-packages\stripe\_stripe_object.py", line 253, in __getitem__
    raise err
  File "C:\Users\somay\AppData\Local\Programs\Python\Python310\lib\site-packages\stripe\_stripe_object.py", line 232, in __getitem__
    return self._data[k]
KeyError: 'get'

The above exception was the direct cause of the following exception:

Traceback (most recent call last):
  File "E:\Projects\kiri-lab\kiri-gate\experiments\chaos\stripe_repro.py", line 214, in main
    r = episode(stripe_api, cond, None if a.scripted else a.model, a.base)
  File "E:\Projects\kiri-lab\kiri-gate\experiments\chaos\stripe_repro.py", line 182, in episode
    n = stripe_api.count(run, since)
  File "E:\Projects\kiri-lab\kiri-gate\experiments\chaos\stripe_repro.py", line 103, in count
    if (pi.metadata or {}).get("kiri_run") == run and pi.status == "succeeded":
  File "C:\Users\somay\AppData\Local\Programs\Python\Python310\lib\site-packages\stripe\_stripe_object.py", line 199, in __getattr__
    raise AttributeError(
AttributeError: 'get' is a dict method, but a StripeObject is not a dict. Use .to_dict() to convert it. Docs: https://github.com/stripe/stripe-python#working-with-api-resources

--- graph_retry run 3
Traceback (most recent call last):
  File "C:\Users\somay\AppData\Local\Programs\Python\Python310\lib\site-packages\stripe\_stripe_object.py", line 194, in __getattr__
    return self[key]
  File "C:\Users\somay\AppData\Local\Programs\Python\Python310\lib\site-packages\stripe\_stripe_object.py", line 253, in __getitem__
    raise err
  File "C:\Users\somay\AppData\Local\Programs\Python\Python310\lib\site-packages\stripe\_stripe_object.py", line 232, in __getitem__
    return self._data[k]
KeyError: 'get'

The above exception was the direct cause of the following exception:

Traceback (most recent call last):
  File "E:\Projects\kiri-lab\kiri-gate\experiments\chaos\stripe_repro.py", line 214, in main
    try:
  File "E:\Projects\kiri-lab\kiri-gate\experiments\chaos\stripe_repro.py", line 182, in episode
    time.sleep(0 if isinstance(stripe_api, FakeStripe) else 1.5)
  File "E:\Projects\kiri-lab\kiri-gate\experiments\chaos\stripe_repro.py", line 103, in count
    md = pi.metadata.to_dict() if hasattr(pi.metadata, "to_dict") else dict(pi.metadata or {})
  File "C:\Users\somay\AppData\Local\Programs\Python\Python310\lib\site-packages\stripe\_stripe_object.py", line 199, in __getattr__
    raise AttributeError(
AttributeError: 'get' is a dict method, but a StripeObject is not a dict. Use .to_dict() to convert it. Docs: https://github.com/stripe/stripe-python#working-with-api-resources

